---
source: crates/meilisearch/tests/settings/vectors.rs
---
400 Bad Request
