---
source: crates/meilisearch/tests/settings/vectors.rs
---
{
  "uid": "[uid]",
  "batchUid": "[batchUid]",
  "indexUid": "test",
  "status": "succeeded",
  "type": "settingsUpdate",
  "canceledBy": null,
  "details": {
    "embedders": {
      "test": {
        "source": "openAi",
        "dimensions": 768
      }
    }
  },
  "error": null,
  "duration": "[duration]",
  "enqueuedAt": "[enqueuedAt]",
  "startedAt": "[startedAt]",
  "finishedAt": "[finishedAt]"
}
