---
source: crates/meilisearch/tests/settings/vectors.rs
---
202 Accepted
